{
  "schema_version": 1,
  "dialect": {
    "name": "github-actions",
    "version": 1
  },
  "source": "${{ steps.Build.outputs.digest == needs.prepare.outputs.digest || failure() }}",
  "instructions": [
    {
      "kind": "named_value",
      "name": "steps"
    },
    {
      "kind": "literal",
      "value": {
        "kind": "string",
        "value": "Build"
      }
    },
    {
      "kind": "index"
    },
    {
      "kind": "literal",
      "value": {
        "kind": "string",
        "value": "outputs"
      }
    },
    {
      "kind": "index"
    },
    {
      "kind": "literal",
      "value": {
        "kind": "string",
        "value": "digest"
      }
    },
    {
      "kind": "index"
    },
    {
      "kind": "named_value",
      "name": "needs"
    },
    {
      "kind": "literal",
      "value": {
        "kind": "string",
        "value": "prepare"
      }
    },
    {
      "kind": "index"
    },
    {
      "kind": "literal",
      "value": {
        "kind": "string",
        "value": "outputs"
      }
    },
    {
      "kind": "index"
    },
    {
      "kind": "literal",
      "value": {
        "kind": "string",
        "value": "digest"
      }
    },
    {
      "kind": "index"
    },
    {
      "kind": "compare",
      "operator": "equal"
    },
    {
      "kind": "call",
      "name": "failure",
      "argument_count": 0
    },
    {
      "kind": "logical",
      "operator": "or",
      "operand_count": 2
    }
  ]
}
